namespace GraphQL.Server
{
    public static class GraphQLBuilderAutomaticPersistedQueries
    {
        public static GraphQL.DI.IGraphQLBuilder AddAutomaticPersistedQueries(this GraphQL.DI.IGraphQLBuilder builder, System.Action<GraphQL.Server.Transports.AspNetCore.AutomaticPersistedQueryCacheOptions> action = null) { }
    }
    public static class GraphQLBuilderMiddlewareExtensions
    {
        public static GraphQL.DI.IGraphQLBuilder AddHttpMiddleware<TSchema>(this GraphQL.DI.IGraphQLBuilder builder)
            where TSchema : GraphQL.Types.ISchema { }
        public static GraphQL.DI.IGraphQLBuilder AddHttpMiddleware<TSchema, TMiddleware>(this GraphQL.DI.IGraphQLBuilder builder)
            where TSchema : GraphQL.Types.ISchema
            where TMiddleware : GraphQL.Server.Transports.AspNetCore.GraphQLHttpMiddleware<TSchema> { }
    }
    public static class GraphQLBuilderUserContextExtensions
    {
        public static GraphQL.DI.IGraphQLBuilder AddDefaultEndpointSelectorPolicy(this GraphQL.DI.IGraphQLBuilder builder) { }
        public static GraphQL.DI.IGraphQLBuilder AddUserContextBuilder<TUserContextBuilder>(this GraphQL.DI.IGraphQLBuilder builder)
            where TUserContextBuilder :  class, GraphQL.Server.Transports.AspNetCore.IUserContextBuilder { }
        public static GraphQL.DI.IGraphQLBuilder AddUserContextBuilder<TUserContext>(this GraphQL.DI.IGraphQLBuilder builder, System.Func<Microsoft.AspNetCore.Http.HttpContext, System.Threading.Tasks.Task<TUserContext>> creator)
            where TUserContext :  class, System.Collections.Generic.IDictionary<string, object> { }
        public static GraphQL.DI.IGraphQLBuilder AddUserContextBuilder<TUserContext>(this GraphQL.DI.IGraphQLBuilder builder, System.Func<Microsoft.AspNetCore.Http.HttpContext, TUserContext> creator)
            where TUserContext :  class, System.Collections.Generic.IDictionary<string, object> { }
    }
}
namespace GraphQL.Server.Transports.AspNetCore
{
    public class AutomaticPersistedQueryCache : GraphQL.Server.Transports.AspNetCore.IAutomaticPersistedQueryCache
    {
        public AutomaticPersistedQueryCache(Microsoft.Extensions.Options.IOptions<GraphQL.Server.Transports.AspNetCore.AutomaticPersistedQueryCacheOptions> options) { }
        protected virtual string ComputeSHA256(string input) { }
        public System.Threading.Tasks.ValueTask<string> GetQuery(string hash) { }
        public System.Threading.Tasks.ValueTask<bool> SetQuery(string hash, string query) { }
    }
    public class AutomaticPersistedQueryCacheOptions : Microsoft.Extensions.Caching.Memory.MemoryCacheOptions
    {
        public AutomaticPersistedQueryCacheOptions() { }
        public System.TimeSpan? SlidingExpiration { get; set; }
    }
    public class AutomaticPersistedQueryDefaultCache : GraphQL.Server.Transports.AspNetCore.IAutomaticPersistedQueryCache
    {
        public AutomaticPersistedQueryDefaultCache() { }
        public System.Threading.Tasks.ValueTask<string> GetQuery(string hash) { }
        public System.Threading.Tasks.ValueTask<bool> SetQuery(string hash, string query) { }
    }
    public class GraphQLHttpMiddleware<TSchema> : Microsoft.AspNetCore.Http.IMiddleware
        where TSchema : GraphQL.Types.ISchema
    {
        public GraphQLHttpMiddleware(GraphQL.IGraphQLTextSerializer serializer, GraphQL.Server.Transports.AspNetCore.IAutomaticPersistedQueryCache automaticPersistedQueryCache) { }
        protected virtual GraphQL.ExecutionResult CreateExecutionResult(GraphQL.ExecutionError error) { }
        protected virtual System.Threading.Tasks.Task<GraphQL.ExecutionResult> ExecuteRequestAsync(GraphQL.Transport.GraphQLRequest gqlRequest, System.Collections.Generic.IDictionary<string, object> userContext, GraphQL.IDocumentExecuter<TSchema> executer, System.IServiceProvider requestServices, System.Threading.CancellationToken token) { }
        protected virtual System.Threading.CancellationToken GetCancellationToken(Microsoft.AspNetCore.Http.HttpContext context) { }
        protected virtual string GetHash(GraphQL.Transport.GraphQLRequest gqlRequest) { }
        protected virtual System.Threading.Tasks.Task HandleContentTypeCouldNotBeParsedErrorAsync(Microsoft.AspNetCore.Http.HttpContext context) { }
        protected virtual System.Threading.Tasks.ValueTask<bool> HandleDeserializationErrorAsync(Microsoft.AspNetCore.Http.HttpContext context, System.Exception ex) { }
        protected virtual System.Threading.Tasks.Task HandleInvalidContentTypeErrorAsync(Microsoft.AspNetCore.Http.HttpContext context) { }
        protected virtual System.Threading.Tasks.Task HandleInvalidHttpMethodErrorAsync(Microsoft.AspNetCore.Http.HttpContext context) { }
        protected virtual System.Threading.Tasks.Task HandleNoQueryErrorAsync(Microsoft.AspNetCore.Http.HttpContext context) { }
        protected virtual System.Threading.Tasks.Task HandleRequestAsync(Microsoft.AspNetCore.Http.HttpContext context, Microsoft.AspNetCore.Http.RequestDelegate next, System.Collections.Generic.IDictionary<string, object> userContext, System.Collections.Generic.IList<GraphQL.Transport.GraphQLRequest> bodyGQLBatchRequest, GraphQL.Transport.GraphQLRequest gqlRequest, GraphQL.IDocumentExecuter<TSchema> executer, System.Threading.CancellationToken cancellationToken) { }
        public virtual System.Threading.Tasks.Task InvokeAsync(Microsoft.AspNetCore.Http.HttpContext context, Microsoft.AspNetCore.Http.RequestDelegate next) { }
        protected virtual System.Threading.Tasks.Task RequestExecutedAsync(in GraphQL.Server.Transports.AspNetCore.GraphQLRequestExecutionResult requestExecutionResult) { }
        protected virtual System.Threading.Tasks.Task RequestExecutingAsync(GraphQL.Transport.GraphQLRequest request, int? indexInBatch = default) { }
        protected virtual System.Threading.Tasks.Task WriteErrorResponseAsync(Microsoft.AspNetCore.Http.HttpContext context, string errorMessage, System.Net.HttpStatusCode httpStatusCode) { }
        protected virtual System.Threading.Tasks.Task WriteResponseAsync<TResult>(Microsoft.AspNetCore.Http.HttpResponse httpResponse, GraphQL.IGraphQLSerializer serializer, System.Threading.CancellationToken cancellationToken, TResult result) { }
    }
    public readonly struct GraphQLRequestExecutionResult
    {
        public GraphQLRequestExecutionResult(GraphQL.Transport.GraphQLRequest request, GraphQL.ExecutionResult result, System.TimeSpan elapsed, int? indexInBatch = default) { }
        public System.TimeSpan Elapsed { get; }
        public int? IndexInBatch { get; }
        public GraphQL.Transport.GraphQLRequest Request { get; }
        public GraphQL.ExecutionResult Result { get; }
    }
    public interface IAutomaticPersistedQueryCache
    {
        System.Threading.Tasks.ValueTask<string> GetQuery(string hash);
        System.Threading.Tasks.ValueTask<bool> SetQuery(string hash, string query);
    }
    public interface IUserContextBuilder
    {
        System.Threading.Tasks.Task<System.Collections.Generic.IDictionary<string, object>> BuildUserContext(Microsoft.AspNetCore.Http.HttpContext httpContext);
    }
    public static class MediaType
    {
        public const string FORM = "application/x-www-form-urlencoded";
        public const string GRAPH_QL = "application/graphql";
        public const string JSON = "application/json";
    }
    [System.Serializable]
    public class PersistedQueryBadHashError : GraphQL.Validation.ValidationError
    {
        public PersistedQueryBadHashError(string hash) { }
    }
    [System.Serializable]
    public class PersistedQueryNotFoundError : GraphQL.Validation.ValidationError
    {
        public PersistedQueryNotFoundError(string hash) { }
    }
    public class UserContextBuilder<TUserContext> : GraphQL.Server.Transports.AspNetCore.IUserContextBuilder
        where TUserContext : System.Collections.Generic.IDictionary<string, object>
    {
        public UserContextBuilder(System.Func<Microsoft.AspNetCore.Http.HttpContext, System.Threading.Tasks.Task<TUserContext>> func) { }
        public UserContextBuilder(System.Func<Microsoft.AspNetCore.Http.HttpContext, TUserContext> func) { }
        public System.Threading.Tasks.Task<System.Collections.Generic.IDictionary<string, object>> BuildUserContext(Microsoft.AspNetCore.Http.HttpContext httpContext) { }
    }
}
namespace Microsoft.AspNetCore.Builder
{
    public static class GraphQLHttpApplicationBuilderExtensions
    {
        public static Microsoft.AspNetCore.Builder.IApplicationBuilder UseGraphQL<TSchema>(this Microsoft.AspNetCore.Builder.IApplicationBuilder builder, Microsoft.AspNetCore.Http.PathString path)
            where TSchema : GraphQL.Types.ISchema { }
        public static Microsoft.AspNetCore.Builder.IApplicationBuilder UseGraphQL<TSchema>(this Microsoft.AspNetCore.Builder.IApplicationBuilder builder, string path = "/graphql")
            where TSchema : GraphQL.Types.ISchema { }
        public static Microsoft.AspNetCore.Builder.IApplicationBuilder UseGraphQL<TSchema, TMiddleware>(this Microsoft.AspNetCore.Builder.IApplicationBuilder builder, Microsoft.AspNetCore.Http.PathString path)
            where TSchema : GraphQL.Types.ISchema
            where TMiddleware : GraphQL.Server.Transports.AspNetCore.GraphQLHttpMiddleware<TSchema> { }
        public static Microsoft.AspNetCore.Builder.IApplicationBuilder UseGraphQL<TSchema, TMiddleware>(this Microsoft.AspNetCore.Builder.IApplicationBuilder builder, string path = "/graphql")
            where TSchema : GraphQL.Types.ISchema
            where TMiddleware : GraphQL.Server.Transports.AspNetCore.GraphQLHttpMiddleware<TSchema> { }
    }
    public class GraphQLHttpEndpointConventionBuilder : Microsoft.AspNetCore.Builder.IEndpointConventionBuilder
    {
        public void Add(System.Action<Microsoft.AspNetCore.Builder.EndpointBuilder> convention) { }
    }
    public static class GraphQLHttpEndpointRouteBuilderExtensions
    {
        public static Microsoft.AspNetCore.Builder.GraphQLHttpEndpointConventionBuilder MapGraphQL<TSchema>(this Microsoft.AspNetCore.Routing.IEndpointRouteBuilder endpoints, string pattern = "graphql")
            where TSchema : GraphQL.Types.ISchema { }
        public static Microsoft.AspNetCore.Builder.GraphQLHttpEndpointConventionBuilder MapGraphQL<TSchema, TMiddleware>(this Microsoft.AspNetCore.Routing.IEndpointRouteBuilder endpoints, string pattern = "graphql")
            where TSchema : GraphQL.Types.ISchema
            where TMiddleware : GraphQL.Server.Transports.AspNetCore.GraphQLHttpMiddleware<TSchema> { }
    }
}